// Jest Snapshot v1, https://goo.gl/fbAQLP

exports[`Tests in CallbackHook It must match with snapshot 1`] = `
<div>
  <h1
    class="heading"
  >
    UseCallback
  </h1>
  <p
    class="counter"
  >
    Counter: 
    10
  </p>
  <button
    class="btn"
  >
    Incrementar contador
  </button>
</div>
`;
