// Jest Snapshot v1, https://goo.gl/fbAQLP

exports[`Tests in TodoList Component it must match with snapshot 1`] = `
<div>
  <div
    class="todos__list"
  >
    <h2
      class="todo__title"
    >
      Todos Creados
    </h2>
    <div
      class="todos__list-grid"
    />
  </div>
</div>
`;
