// Jest Snapshot v1, https://goo.gl/fbAQLP

exports[`Tests in FirstApp It must match with snapshot 1`] = `
<div>
  <h1
    data-testid="test-title"
  >
    TestTitle
  </h1>
  <p>
    SubTitleTest
  </p>
  <p>
    RomanTest
  </p>
</div>
`;
