// Jest Snapshot v1, https://goo.gl/fbAQLP

exports[`Tests in HelloWorldApp.jsx It must match with snapshot 1`] = `
<div>
  <h1
    data-testid="test-title"
  >
    Hello 
    Roman
  </h1>
</div>
`;
